
[1m[46m RUN [49m[22m [36mv4.1.2 [39m[90mC:/Users/pc/Documents/learnapp/LearnAble/frontend[39m

 [31mÔØ»[39m src/features/attention/components/__tests__/AttentionWidget.test.tsx [2m([22m[2m12 tests[22m[2m | [22m[31m1 failed[39m[2m)[22m[33m 519[2mms[22m[39m
     [32mÔ£ô[39m renders nothing when active is false[32m 13[2mms[22m[39m
     [32mÔ£ô[39m renders the score and label when data is available[32m 31[2mms[22m[39m
[31m     [31m├ù[31m renders "ÔÇö" when hasData is false[39m[32m 15[2mms[22m[39m
     [32mÔ£ô[39m renders stale label when isStale is true[32m 3[2mms[22m[39m
     [32mÔ£ô[39m renders unavailable label when unavailable is true[32m 3[2mms[22m[39m
     [32mÔ£ô[39m does not render the distraction row when isDistracted is false[32m 4[2mms[22m[39m
     [32mÔ£ô[39m renders distraction row with role=alert when isDistracted is true[32m 76[2mms[22m[39m
     [32mÔ£ô[39m distraction row disappears when isDistracted becomes false[32m 22[2mms[22m[39m
     [32mÔ£ô[39m expand button switches to expanded mode showing chart area[32m 79[2mms[22m[39m
     [32mÔ£ô[39m collapse button returns to compact mode[32m 125[2mms[22m[39m
     [32mÔ£ô[39m minimize button switches to pill mode[32m 64[2mms[22m[39m
     [32mÔ£ô[39m clicking the minimized pill restores compact mode[32m 80[2mms[22m[39m

[2m Test Files [22m [1m[31m1 failed[39m[22m[90m (1)[39m
[2m      Tests [22m [1m[31m1 failed[39m[22m[2m | [22m[1m[32m11 passed[39m[22m[90m (12)[39m
[2m   Start at [22m 01:09:05
[2m   Duration [22m 2.06s[2m (transform 104ms, setup 138ms, import 258ms, tests 519ms, environment 930ms)[22m

